{
  "email": "john@doe.com",
  "token": "jwt-xyz",
  "phones": []
}
